This is pdfTeX, Version 3.141592653-2.6-1.40.25 (TeX Live 2023/Debian) (preloaded format=pdflatex 2025.1.6)  22 AUG 2026 08:39
entering extended mode
 restricted \write18 enabled.
 %&-line parsing enabled.
**metaeco.tex
(./metaeco.tex
LaTeX2e <2023-11-01> patch level 1
L3 programming layer <2024-01-22>
(/usr/share/texlive/texmf-dist/tex/latex/beamer/beamer.cls
Document Class: beamer 2024/01/06 v3.71 A class for typesetting presentations
(/usr/share/texlive/texmf-dist/tex/latex/beamer/beamerbasemodes.sty
(/usr/share/texlive/texmf-dist/tex/latex/etoolbox/etoolbox.sty
Package: etoolbox 2020/10/05 v2.5k e-TeX tools for LaTeX (JAW)
\etb@tempcnta=\count187
)
\beamer@tempbox=\box51
\beamer@tempcount=\count188
\c@beamerpauses=\count189

(/usr/share/texlive/texmf-dist/tex/latex/beamer/beamerbasedecode.sty
\beamer@slideinframe=\count190
\beamer@minimum=\count191
\beamer@decode@box=\box52
)
\beamer@commentbox=\box53
\beamer@modecount=\count192
)
(/usr/share/texlive/texmf-dist/tex/generic/iftex/iftex.sty
Package: iftex 2022/02/03 v1.0f TeX engine tests
)
\headdp=\dimen140
\footheight=\dimen141
\sidebarheight=\dimen142
\beamer@tempdim=\dimen143
\beamer@finalheight=\dimen144
\beamer@animht=\dimen145
\beamer@animdp=\dimen146
\beamer@animwd=\dimen147
\beamer@leftmargin=\dimen148
\beamer@rightmargin=\dimen149
\beamer@leftsidebar=\dimen150
\beamer@rightsidebar=\dimen151
\beamer@boxsize=\dimen152
\beamer@vboxoffset=\dimen153
\beamer@descdefault=\dimen154
\beamer@descriptionwidth=\dimen155
\beamer@lastskip=\skip48
\beamer@areabox=\box54
\beamer@animcurrent=\box55
\beamer@animshowbox=\box56
\beamer@sectionbox=\box57
\beamer@logobox=\box58
\beamer@linebox=\box59
\beamer@sectioncount=\count193
\beamer@subsubsectionmax=\count194
\beamer@subsectionmax=\count195
\beamer@sectionmax=\count196
\beamer@totalheads=\count197
\beamer@headcounter=\count198
\beamer@partstartpage=\count199
\beamer@sectionstartpage=\count266
\beamer@subsectionstartpage=\count267
\beamer@animationtempa=\count268
\beamer@animationtempb=\count269
\beamer@xpos=\count270
\beamer@ypos=\count271
\beamer@ypos@offset=\count272
\beamer@showpartnumber=\count273
\beamer@currentsubsection=\count274
\beamer@coveringdepth=\count275
\beamer@sectionadjust=\count276
\beamer@toclastsection=\count277
\beamer@tocsectionnumber=\count278

(/usr/share/texlive/texmf-dist/tex/latex/beamer/beamerbaseoptions.sty
(/usr/share/texlive/texmf-dist/tex/latex/graphics/keyval.sty
Package: keyval 2022/05/29 v1.15 key=value parser (DPC)
\KV@toks@=\toks17
))
\beamer@paperwidth=\skip49
\beamer@paperheight=\skip50

(/usr/share/texlive/texmf-dist/tex/latex/geometry/geometry.sty
Package: geometry 2020/01/02 v5.9 Page Geometry

(/usr/share/texlive/texmf-dist/tex/generic/iftex/ifvtex.sty
Package: ifvtex 2019/10/25 v1.7 ifvtex legacy package. Use iftex instead.
)
\Gm@cnth=\count279
\Gm@cntv=\count280
\c@Gm@tempcnt=\count281
\Gm@bindingoffset=\dimen156
\Gm@wd@mp=\dimen157
\Gm@odd@mp=\dimen158
\Gm@even@mp=\dimen159
\Gm@layoutwidth=\dimen160
\Gm@layoutheight=\dimen161
\Gm@layouthoffset=\dimen162
\Gm@layoutvoffset=\dimen163
\Gm@dimlist=\toks18
)
(/usr/share/texlive/texmf-dist/tex/latex/pgf/math/pgfmath.sty
(/usr/share/texlive/texmf-dist/tex/latex/pgf/utilities/pgfrcs.sty
(/usr/share/texlive/texmf-dist/tex/generic/pgf/utilities/pgfutil-common.tex
\pgfutil@everybye=\toks19
\pgfutil@tempdima=\dimen164
\pgfutil@tempdimb=\dimen165
)
(/usr/share/texlive/texmf-dist/tex/generic/pgf/utilities/pgfutil-latex.def
\pgfutil@abb=\box60
)
(/usr/share/texlive/texmf-dist/tex/generic/pgf/utilities/pgfrcs.code.tex
(/usr/share/texlive/texmf-dist/tex/generic/pgf/pgf.revision.tex)
Package: pgfrcs 2023-01-15 v3.1.10 (3.1.10)
))
(/usr/share/texlive/texmf-dist/tex/latex/pgf/utilities/pgfkeys.sty
(/usr/share/texlive/texmf-dist/tex/generic/pgf/utilities/pgfkeys.code.tex
\pgfkeys@pathtoks=\toks20
\pgfkeys@temptoks=\toks21

(/usr/share/texlive/texmf-dist/tex/generic/pgf/utilities/pgfkeyslibraryfiltered
.code.tex
\pgfkeys@tmptoks=\toks22
)))
(/usr/share/texlive/texmf-dist/tex/generic/pgf/math/pgfmath.code.tex
(/usr/share/texlive/texmf-dist/tex/generic/pgf/math/pgfmathutil.code.tex
\pgf@x=\dimen166
\pgf@xa=\dimen167
\pgf@xb=\dimen168
\pgf@xc=\dimen169
\pgf@y=\dimen170
\pgf@ya=\dimen171
\pgf@yb=\dimen172
\pgf@yc=\dimen173
\c@pgf@counta=\count282
\c@pgf@countb=\count283
\c@pgf@countc=\count284
\c@pgf@countd=\count285
)
(/usr/share/texlive/texmf-dist/tex/generic/pgf/math/pgfmathparser.code.tex
\pgfmath@dimen=\dimen174
\pgfmath@count=\count286
\pgfmath@box=\box61
\pgfmath@toks=\toks23
\pgfmath@stack@operand=\toks24
\pgfmath@stack@operation=\toks25
)
(/usr/share/texlive/texmf-dist/tex/generic/pgf/math/pgfmathfunctions.code.tex)
(/usr/share/texlive/texmf-dist/tex/generic/pgf/math/pgfmathfunctions.basic.code
.tex)
(/usr/share/texlive/texmf-dist/tex/generic/pgf/math/pgfmathfunctions.trigonomet
ric.code.tex)
(/usr/share/texlive/texmf-dist/tex/generic/pgf/math/pgfmathfunctions.random.cod
e.tex)
(/usr/share/texlive/texmf-dist/tex/generic/pgf/math/pgfmathfunctions.comparison
.code.tex)
(/usr/share/texlive/texmf-dist/tex/generic/pgf/math/pgfmathfunctions.base.code.
tex)
(/usr/share/texlive/texmf-dist/tex/generic/pgf/math/pgfmathfunctions.round.code
.tex)
(/usr/share/texlive/texmf-dist/tex/generic/pgf/math/pgfmathfunctions.misc.code.
tex)
(/usr/share/texlive/texmf-dist/tex/generic/pgf/math/pgfmathfunctions.integerari
thmetics.code.tex)
(/usr/share/texlive/texmf-dist/tex/generic/pgf/math/pgfmathcalc.code.tex)
(/usr/share/texlive/texmf-dist/tex/generic/pgf/math/pgfmathfloat.code.tex
\c@pgfmathroundto@lastzeros=\count287
)))
(/usr/share/texlive/texmf-dist/tex/latex/base/size10.clo
File: size10.clo 2023/05/17 v1.4n Standard LaTeX file (size option)
)
(/usr/share/texlive/texmf-dist/tex/latex/pgf/basiclayer/pgfcore.sty
(/usr/share/texlive/texmf-dist/tex/latex/graphics/graphicx.sty
Package: graphicx 2021/09/16 v1.2d Enhanced LaTeX Graphics (DPC,SPQR)

(/usr/share/texlive/texmf-dist/tex/latex/graphics/graphics.sty
Package: graphics 2022/03/10 v1.4e Standard LaTeX Graphics (DPC,SPQR)

(/usr/share/texlive/texmf-dist/tex/latex/graphics/trig.sty
Package: trig 2021/08/11 v1.11 sin cos tan (DPC)
)
(/usr/share/texlive/texmf-dist/tex/latex/graphics-cfg/graphics.cfg
File: graphics.cfg 2016/06/04 v1.11 sample graphics configuration
)
Package graphics Info: Driver file: pdftex.def on input line 107.

(/usr/share/texlive/texmf-dist/tex/latex/graphics-def/pdftex.def
File: pdftex.def 2022/09/22 v1.2b Graphics/color driver for pdftex
))
\Gin@req@height=\dimen175
\Gin@req@width=\dimen176
)
(/usr/share/texlive/texmf-dist/tex/latex/pgf/systemlayer/pgfsys.sty
(/usr/share/texlive/texmf-dist/tex/generic/pgf/systemlayer/pgfsys.code.tex
Package: pgfsys 2023-01-15 v3.1.10 (3.1.10)
\pgf@x=\dimen177
\pgf@y=\dimen178
\pgf@xa=\dimen179
\pgf@ya=\dimen180
\pgf@xb=\dimen181
\pgf@yb=\dimen182
\pgf@xc=\dimen183
\pgf@yc=\dimen184
\pgf@xd=\dimen185
\pgf@yd=\dimen186
\w@pgf@writea=\write3
\r@pgf@reada=\read2
\c@pgf@counta=\count288
\c@pgf@countb=\count289
\c@pgf@countc=\count290
\c@pgf@countd=\count291
\t@pgf@toka=\toks26
\t@pgf@tokb=\toks27
\t@pgf@tokc=\toks28
\pgf@sys@id@count=\count292

(/usr/share/texlive/texmf-dist/tex/generic/pgf/systemlayer/pgf.cfg
File: pgf.cfg 2023-01-15 v3.1.10 (3.1.10)
)
Driver file for pgf: pgfsys-pdftex.def

(/usr/share/texlive/texmf-dist/tex/generic/pgf/systemlayer/pgfsys-pdftex.def
File: pgfsys-pdftex.def 2023-01-15 v3.1.10 (3.1.10)

(/usr/share/texlive/texmf-dist/tex/generic/pgf/systemlayer/pgfsys-common-pdf.de
f
File: pgfsys-common-pdf.def 2023-01-15 v3.1.10 (3.1.10)
)))
(/usr/share/texlive/texmf-dist/tex/generic/pgf/systemlayer/pgfsyssoftpath.code.
tex
File: pgfsyssoftpath.code.tex 2023-01-15 v3.1.10 (3.1.10)
\pgfsyssoftpath@smallbuffer@items=\count293
\pgfsyssoftpath@bigbuffer@items=\count294
)
(/usr/share/texlive/texmf-dist/tex/generic/pgf/systemlayer/pgfsysprotocol.code.
tex
File: pgfsysprotocol.code.tex 2023-01-15 v3.1.10 (3.1.10)
)) (/usr/share/texlive/texmf-dist/tex/latex/xcolor/xcolor.sty
Package: xcolor 2023/11/15 v3.01 LaTeX color extensions (UK)

(/usr/share/texlive/texmf-dist/tex/latex/graphics-cfg/color.cfg
File: color.cfg 2016/01/02 v1.6 sample color configuration
)
Package xcolor Info: Driver file: pdftex.def on input line 274.

(/usr/share/texlive/texmf-dist/tex/latex/graphics/mathcolor.ltx)
Package xcolor Info: Model `cmy' substituted by `cmy0' on input line 1350.
Package xcolor Info: Model `hsb' substituted by `rgb' on input line 1354.
Package xcolor Info: Model `RGB' extended on input line 1366.
Package xcolor Info: Model `HTML' substituted by `rgb' on input line 1368.
Package xcolor Info: Model `Hsb' substituted by `hsb' on input line 1369.
Package xcolor Info: Model `tHsb' substituted by `hsb' on input line 1370.
Package xcolor Info: Model `HSB' substituted by `hsb' on input line 1371.
Package xcolor Info: Model `Gray' substituted by `gray' on input line 1372.
Package xcolor Info: Model `wave' substituted by `hsb' on input line 1373.
)
(/usr/share/texlive/texmf-dist/tex/generic/pgf/basiclayer/pgfcore.code.tex
Package: pgfcore 2023-01-15 v3.1.10 (3.1.10)

(/usr/share/texlive/texmf-dist/tex/generic/pgf/math/pgfint.code.tex)
(/usr/share/texlive/texmf-dist/tex/generic/pgf/basiclayer/pgfcorepoints.code.te
x
File: pgfcorepoints.code.tex 2023-01-15 v3.1.10 (3.1.10)
\pgf@picminx=\dimen187
\pgf@picmaxx=\dimen188
\pgf@picminy=\dimen189
\pgf@picmaxy=\dimen190
\pgf@pathminx=\dimen191
\pgf@pathmaxx=\dimen192
\pgf@pathminy=\dimen193
\pgf@pathmaxy=\dimen194
\pgf@xx=\dimen195
\pgf@xy=\dimen196
\pgf@yx=\dimen197
\pgf@yy=\dimen198
\pgf@zx=\dimen199
\pgf@zy=\dimen256
)
(/usr/share/texlive/texmf-dist/tex/generic/pgf/basiclayer/pgfcorepathconstruct.
code.tex
File: pgfcorepathconstruct.code.tex 2023-01-15 v3.1.10 (3.1.10)
\pgf@path@lastx=\dimen257
\pgf@path@lasty=\dimen258
)
(/usr/share/texlive/texmf-dist/tex/generic/pgf/basiclayer/pgfcorepathusage.code
.tex
File: pgfcorepathusage.code.tex 2023-01-15 v3.1.10 (3.1.10)
\pgf@shorten@end@additional=\dimen259
\pgf@shorten@start@additional=\dimen260
)
(/usr/share/texlive/texmf-dist/tex/generic/pgf/basiclayer/pgfcorescopes.code.te
x
File: pgfcorescopes.code.tex 2023-01-15 v3.1.10 (3.1.10)
\pgfpic=\box62
\pgf@hbox=\box63
\pgf@layerbox@main=\box64
\pgf@picture@serial@count=\count295
)
(/usr/share/texlive/texmf-dist/tex/generic/pgf/basiclayer/pgfcoregraphicstate.c
ode.tex
File: pgfcoregraphicstate.code.tex 2023-01-15 v3.1.10 (3.1.10)
\pgflinewidth=\dimen261
)
(/usr/share/texlive/texmf-dist/tex/generic/pgf/basiclayer/pgfcoretransformation
s.code.tex
File: pgfcoretransformations.code.tex 2023-01-15 v3.1.10 (3.1.10)
\pgf@pt@x=\dimen262
\pgf@pt@y=\dimen263
\pgf@pt@temp=\dimen264
)
(/usr/share/texlive/texmf-dist/tex/generic/pgf/basiclayer/pgfcorequick.code.tex
File: pgfcorequick.code.tex 2023-01-15 v3.1.10 (3.1.10)
)
(/usr/share/texlive/texmf-dist/tex/generic/pgf/basiclayer/pgfcoreobjects.code.t
ex
File: pgfcoreobjects.code.tex 2023-01-15 v3.1.10 (3.1.10)
)
(/usr/share/texlive/texmf-dist/tex/generic/pgf/basiclayer/pgfcorepathprocessing
.code.tex
File: pgfcorepathprocessing.code.tex 2023-01-15 v3.1.10 (3.1.10)
)
(/usr/share/texlive/texmf-dist/tex/generic/pgf/basiclayer/pgfcorearrows.code.te
x
File: pgfcorearrows.code.tex 2023-01-15 v3.1.10 (3.1.10)
\pgfarrowsep=\dimen265
)
(/usr/share/texlive/texmf-dist/tex/generic/pgf/basiclayer/pgfcoreshade.code.tex
File: pgfcoreshade.code.tex 2023-01-15 v3.1.10 (3.1.10)
\pgf@max=\dimen266
\pgf@sys@shading@range@num=\count296
\pgf@shadingcount=\count297
)
(/usr/share/texlive/texmf-dist/tex/generic/pgf/basiclayer/pgfcoreimage.code.tex
File: pgfcoreimage.code.tex 2023-01-15 v3.1.10 (3.1.10)
)
(/usr/share/texlive/texmf-dist/tex/generic/pgf/basiclayer/pgfcoreexternal.code.
tex
File: pgfcoreexternal.code.tex 2023-01-15 v3.1.10 (3.1.10)
\pgfexternal@startupbox=\box65
)
(/usr/share/texlive/texmf-dist/tex/generic/pgf/basiclayer/pgfcorelayers.code.te
x
File: pgfcorelayers.code.tex 2023-01-15 v3.1.10 (3.1.10)
)
(/usr/share/texlive/texmf-dist/tex/generic/pgf/basiclayer/pgfcoretransparency.c
ode.tex
File: pgfcoretransparency.code.tex 2023-01-15 v3.1.10 (3.1.10)
)
(/usr/share/texlive/texmf-dist/tex/generic/pgf/basiclayer/pgfcorepatterns.code.
tex
File: pgfcorepatterns.code.tex 2023-01-15 v3.1.10 (3.1.10)
)
(/usr/share/texlive/texmf-dist/tex/generic/pgf/basiclayer/pgfcorerdf.code.tex
File: pgfcorerdf.code.tex 2023-01-15 v3.1.10 (3.1.10)
))) (/usr/share/texlive/texmf-dist/tex/latex/pgf/utilities/xxcolor.sty
Package: xxcolor 2003/10/24 ver 0.1
\XC@nummixins=\count298
\XC@countmixins=\count299
)
(/usr/share/texlive/texmf-dist/tex/latex/base/atbegshi-ltx.sty
Package: atbegshi-ltx 2021/01/10 v1.0c Emulation of the original atbegshi
package with kernel methods
)
(/usr/share/texlive/texmf-dist/tex/latex/hyperref/hyperref.sty
Package: hyperref 2024-01-20 v7.01h Hypertext links for LaTeX

(/usr/share/texlive/texmf-dist/tex/latex/kvsetkeys/kvsetkeys.sty
Package: kvsetkeys 2022-10-05 v1.19 Key value parser (HO)
)
(/usr/share/texlive/texmf-dist/tex/generic/kvdefinekeys/kvdefinekeys.sty
Package: kvdefinekeys 2019-12-19 v1.6 Define keys (HO)
)
(/usr/share/texlive/texmf-dist/tex/generic/pdfescape/pdfescape.sty
Package: pdfescape 2019/12/09 v1.15 Implements pdfTeX's escape features (HO)

(/usr/share/texlive/texmf-dist/tex/generic/ltxcmds/ltxcmds.sty
Package: ltxcmds 2023-12-04 v1.26 LaTeX kernel commands for general use (HO)
)
(/usr/share/texlive/texmf-dist/tex/generic/pdftexcmds/pdftexcmds.sty
Package: pdftexcmds 2020-06-27 v0.33 Utility functions of pdfTeX for LuaTeX (HO
)

(/usr/share/texlive/texmf-dist/tex/generic/infwarerr/infwarerr.sty
Package: infwarerr 2019/12/03 v1.5 Providing info/warning/error messages (HO)
)
Package pdftexcmds Info: \pdf@primitive is available.
Package pdftexcmds Info: \pdf@ifprimitive is available.
Package pdftexcmds Info: \pdfdraftmode found.
))
(/usr/share/texlive/texmf-dist/tex/latex/hycolor/hycolor.sty
Package: hycolor 2020-01-27 v1.10 Color options for hyperref/bookmark (HO)
)
(/usr/share/texlive/texmf-dist/tex/latex/auxhook/auxhook.sty
Package: auxhook 2019-12-17 v1.6 Hooks for auxiliary files (HO)
)
(/usr/share/texlive/texmf-dist/tex/latex/hyperref/nameref.sty
Package: nameref 2023-11-26 v2.56 Cross-referencing by name of section

(/usr/share/texlive/texmf-dist/tex/latex/refcount/refcount.sty
Package: refcount 2019/12/15 v3.6 Data extraction from label references (HO)
)
(/usr/share/texlive/texmf-dist/tex/generic/gettitlestring/gettitlestring.sty
Package: gettitlestring 2019/12/15 v1.6 Cleanup title references (HO)

(/usr/share/texlive/texmf-dist/tex/latex/kvoptions/kvoptions.sty
Package: kvoptions 2022-06-15 v3.15 Key value format for package options (HO)
))
\c@section@level=\count300
)
\@linkdim=\dimen267
\Hy@linkcounter=\count301
\Hy@pagecounter=\count302

(/usr/share/texlive/texmf-dist/tex/latex/hyperref/pd1enc.def
File: pd1enc.def 2024-01-20 v7.01h Hyperref: PDFDocEncoding definition (HO)
Now handling font encoding PD1 ...
... no UTF-8 mapping file for font encoding PD1
)
(/usr/share/texlive/texmf-dist/tex/generic/intcalc/intcalc.sty
Package: intcalc 2019/12/15 v1.3 Expandable calculations with integers (HO)
)
\Hy@SavedSpaceFactor=\count303

(/usr/share/texlive/texmf-dist/tex/latex/hyperref/puenc.def
File: puenc.def 2024-01-20 v7.01h Hyperref: PDF Unicode definition (HO)
Now handling font encoding PU ...
... no UTF-8 mapping file for font encoding PU
)
Package hyperref Info: Option `bookmarks' set `true' on input line 4062.
Package hyperref Info: Option `bookmarksopen' set `true' on input line 4062.
Package hyperref Info: Option `implicit' set `false' on input line 4062.
Package hyperref Info: Hyper figures OFF on input line 4179.
Package hyperref Info: Link nesting OFF on input line 4184.
Package hyperref Info: Hyper index ON on input line 4187.
Package hyperref Info: Plain pages OFF on input line 4194.
Package hyperref Info: Backreferencing OFF on input line 4199.
Package hyperref Info: Implicit mode OFF; no redefinition of LaTeX internals.
Package hyperref Info: Bookmarks ON on input line 4446.
\c@Hy@tempcnt=\count304

(/usr/share/texlive/texmf-dist/tex/latex/url/url.sty
\Urlmuskip=\muskip16
Package: url 2013/09/16  ver 3.4  Verb mode for urls, etc.
)
LaTeX Info: Redefining \url on input line 4784.
\XeTeXLinkMargin=\dimen268

(/usr/share/texlive/texmf-dist/tex/generic/bitset/bitset.sty
Package: bitset 2019/12/09 v1.3 Handle bit-vector datatype (HO)

(/usr/share/texlive/texmf-dist/tex/generic/bigintcalc/bigintcalc.sty
Package: bigintcalc 2019/12/15 v1.5 Expandable calculations on big integers (HO
)
))
\Fld@menulength=\count305
\Field@Width=\dimen269
\Fld@charsize=\dimen270
Package hyperref Info: Hyper figures OFF on input line 6063.
Package hyperref Info: Link nesting OFF on input line 6068.
Package hyperref Info: Hyper index ON on input line 6071.
Package hyperref Info: backreferencing OFF on input line 6078.
Package hyperref Info: Link coloring OFF on input line 6083.
Package hyperref Info: Link coloring with OCG OFF on input line 6088.
Package hyperref Info: PDF/A mode OFF on input line 6093.
\Hy@abspage=\count306


Package hyperref Message: Stopped early.

)
Package hyperref Info: Driver (autodetected): hpdftex.
 (/usr/share/texlive/texmf-dist/tex/latex/hyperref/hpdftex.def
File: hpdftex.def 2024-01-20 v7.01h Hyperref driver for pdfTeX

(/usr/share/texlive/texmf-dist/tex/latex/base/atveryend-ltx.sty
Package: atveryend-ltx 2020/08/19 v1.0a Emulation of the original atveryend pac
kage
with kernel methods
)
\Fld@listcount=\count307
\c@bookmark@seq@number=\count308

(/usr/share/texlive/texmf-dist/tex/latex/rerunfilecheck/rerunfilecheck.sty
Package: rerunfilecheck 2022-07-10 v1.10 Rerun checks for auxiliary files (HO)

(/usr/share/texlive/texmf-dist/tex/generic/uniquecounter/uniquecounter.sty
Package: uniquecounter 2019/12/15 v1.4 Provide unlimited unique counter (HO)
)
Package uniquecounter Info: New unique counter `rerunfilecheck' on input line 2
85.
))
(/usr/share/texlive/texmf-dist/tex/latex/beamer/beamerbaserequires.sty
(/usr/share/texlive/texmf-dist/tex/latex/beamer/beamerbasecompatibility.sty)
(/usr/share/texlive/texmf-dist/tex/latex/beamer/beamerbasefont.sty
(/usr/share/texlive/texmf-dist/tex/latex/amsfonts/amssymb.sty
Package: amssymb 2013/01/14 v3.01 AMS font symbols

(/usr/share/texlive/texmf-dist/tex/latex/amsfonts/amsfonts.sty
Package: amsfonts 2013/01/14 v3.01 Basic AMSFonts support
\@emptytoks=\toks29
\symAMSa=\mathgroup4
\symAMSb=\mathgroup5
LaTeX Font Info:    Redeclaring math symbol \hbar on input line 98.
LaTeX Font Info:    Overwriting math alphabet `\mathfrak' in version `bold'
(Font)                  U/euf/m/n --> U/euf/b/n on input line 106.
))
(/usr/share/texlive/texmf-dist/tex/latex/sansmathaccent/sansmathaccent.sty
Package: sansmathaccent 2020/01/31

(/usr/share/texlive/texmf-dist/tex/latex/koma-script/scrlfile.sty
Package: scrlfile 2023/07/07 v3.41 KOMA-Script package (file load hooks)

(/usr/share/texlive/texmf-dist/tex/latex/koma-script/scrlfile-hook.sty
Package: scrlfile-hook 2023/07/07 v3.41 KOMA-Script package (using LaTeX hooks)


(/usr/share/texlive/texmf-dist/tex/latex/koma-script/scrlogo.sty
Package: scrlogo 2023/07/07 v3.41 KOMA-Script package (logo)
)))))
(/usr/share/texlive/texmf-dist/tex/latex/beamer/beamerbasetranslator.sty
(/usr/share/texlive/texmf-dist/tex/latex/translator/translator.sty
Package: translator 2021-05-31 v1.12d Easy translation of strings in LaTeX
))
(/usr/share/texlive/texmf-dist/tex/latex/beamer/beamerbasemisc.sty)
(/usr/share/texlive/texmf-dist/tex/latex/beamer/beamerbasetwoscreens.sty)
(/usr/share/texlive/texmf-dist/tex/latex/beamer/beamerbaseoverlay.sty
\beamer@argscount=\count309
\beamer@lastskipcover=\skip51
\beamer@trivlistdepth=\count310
)
(/usr/share/texlive/texmf-dist/tex/latex/beamer/beamerbasetitle.sty)
(/usr/share/texlive/texmf-dist/tex/latex/beamer/beamerbasesection.sty
\c@lecture=\count311
\c@part=\count312
\c@section=\count313
\c@subsection=\count314
\c@subsubsection=\count315
)
(/usr/share/texlive/texmf-dist/tex/latex/beamer/beamerbaseframe.sty
\beamer@framebox=\box66
\beamer@frametitlebox=\box67
\beamer@zoombox=\box68
\beamer@zoomcount=\count316
\beamer@zoomframecount=\count317
\beamer@frametextheight=\dimen271
\c@subsectionslide=\count318
\beamer@frametopskip=\skip52
\beamer@framebottomskip=\skip53
\beamer@frametopskipautobreak=\skip54
\beamer@framebottomskipautobreak=\skip55
\beamer@envbody=\toks30
\framewidth=\dimen272
\c@framenumber=\count319
)
(/usr/share/texlive/texmf-dist/tex/latex/beamer/beamerbaseverbatim.sty
\beamer@verbatimfileout=\write4
)
(/usr/share/texlive/texmf-dist/tex/latex/beamer/beamerbaseframesize.sty
\beamer@splitbox=\box69
\beamer@autobreakcount=\count320
\beamer@autobreaklastheight=\dimen273
\beamer@frametitletoks=\toks31
\beamer@framesubtitletoks=\toks32
)
(/usr/share/texlive/texmf-dist/tex/latex/beamer/beamerbaseframecomponents.sty
\beamer@footins=\box70
)
(/usr/share/texlive/texmf-dist/tex/latex/beamer/beamerbasecolor.sty)
(/usr/share/texlive/texmf-dist/tex/latex/beamer/beamerbasenotes.sty
\beamer@frameboxcopy=\box71
)
(/usr/share/texlive/texmf-dist/tex/latex/beamer/beamerbasetoc.sty)
(/usr/share/texlive/texmf-dist/tex/latex/beamer/beamerbasetemplates.sty
\beamer@sbttoks=\toks33

(/usr/share/texlive/texmf-dist/tex/latex/beamer/beamerbaseauxtemplates.sty
(/usr/share/texlive/texmf-dist/tex/latex/beamer/beamerbaseboxes.sty
\bmb@box=\box72
\bmb@colorbox=\box73
\bmb@boxwidth=\dimen274
\bmb@boxheight=\dimen275
\bmb@prevheight=\dimen276
\bmb@temp=\dimen277
\bmb@dima=\dimen278
\bmb@dimb=\dimen279
\bmb@prevheight=\dimen280
)
\beamer@blockheadheight=\dimen281
))
(/usr/share/texlive/texmf-dist/tex/latex/beamer/beamerbaselocalstructure.sty
(/usr/share/texlive/texmf-dist/tex/latex/tools/enumerate.sty
Package: enumerate 2023/07/04 v3.00 enumerate extensions (DPC)
\@enLab=\toks34
)
\beamer@bibiconwidth=\skip56
\c@figure=\count321
\c@table=\count322
\abovecaptionskip=\skip57
\belowcaptionskip=\skip58
)
(/usr/share/texlive/texmf-dist/tex/latex/beamer/beamerbasenavigation.sty
(/usr/share/texlive/texmf-dist/tex/latex/beamer/beamerbasenavigationsymbols.tex
)
\beamer@section@min@dim=\dimen282
) (/usr/share/texlive/texmf-dist/tex/latex/beamer/beamerbasetheorems.sty
(/usr/share/texlive/texmf-dist/tex/latex/amsmath/amsmath.sty
Package: amsmath 2023/05/13 v2.17o AMS math features
\@mathmargin=\skip59

For additional information on amsmath, use the `?' option.
(/usr/share/texlive/texmf-dist/tex/latex/amsmath/amstext.sty
Package: amstext 2021/08/26 v2.01 AMS text

(/usr/share/texlive/texmf-dist/tex/latex/amsmath/amsgen.sty
File: amsgen.sty 1999/11/30 v2.0 generic functions
\@emptytoks=\toks35
\ex@=\dimen283
))
(/usr/share/texlive/texmf-dist/tex/latex/amsmath/amsbsy.sty
Package: amsbsy 1999/11/29 v1.2d Bold Symbols
\pmbraise@=\dimen284
)
(/usr/share/texlive/texmf-dist/tex/latex/amsmath/amsopn.sty
Package: amsopn 2022/04/08 v2.04 operator names
)
\inf@bad=\count323
LaTeX Info: Redefining \frac on input line 234.
\uproot@=\count324
\leftroot@=\count325
LaTeX Info: Redefining \overline on input line 399.
LaTeX Info: Redefining \colon on input line 410.
\classnum@=\count326
\DOTSCASE@=\count327
LaTeX Info: Redefining \ldots on input line 496.
LaTeX Info: Redefining \dots on input line 499.
LaTeX Info: Redefining \cdots on input line 620.
\Mathstrutbox@=\box74
\strutbox@=\box75
LaTeX Info: Redefining \big on input line 722.
LaTeX Info: Redefining \Big on input line 723.
LaTeX Info: Redefining \bigg on input line 724.
LaTeX Info: Redefining \Bigg on input line 725.
\big@size=\dimen285
LaTeX Font Info:    Redeclaring font encoding OML on input line 743.
LaTeX Font Info:    Redeclaring font encoding OMS on input line 744.
\macc@depth=\count328
LaTeX Info: Redefining \bmod on input line 905.
LaTeX Info: Redefining \pmod on input line 910.
LaTeX Info: Redefining \smash on input line 940.
LaTeX Info: Redefining \relbar on input line 970.
LaTeX Info: Redefining \Relbar on input line 971.
\c@MaxMatrixCols=\count329
\dotsspace@=\muskip17
\c@parentequation=\count330
\dspbrk@lvl=\count331
\tag@help=\toks36
\row@=\count332
\column@=\count333
\maxfields@=\count334
\andhelp@=\toks37
\eqnshift@=\dimen286
\alignsep@=\dimen287
\tagshift@=\dimen288
\tagwidth@=\dimen289
\totwidth@=\dimen290
\lineht@=\dimen291
\@envbody=\toks38
\multlinegap=\skip60
\multlinetaggap=\skip61
\mathdisplay@stack=\toks39
LaTeX Info: Redefining \[ on input line 2953.
LaTeX Info: Redefining \] on input line 2954.
)
(/usr/share/texlive/texmf-dist/tex/latex/amscls/amsthm.sty
Package: amsthm 2020/05/29 v2.20.6
\thm@style=\toks40
\thm@bodyfont=\toks41
\thm@headfont=\toks42
\thm@notefont=\toks43
\thm@headpunct=\toks44
\thm@preskip=\skip62
\thm@postskip=\skip63
\thm@headsep=\skip64
\dth@everypar=\toks45
)
\c@theorem=\count335
)
(/usr/share/texlive/texmf-dist/tex/latex/beamer/beamerbasethemes.sty))
(/usr/share/texlive/texmf-dist/tex/latex/beamer/beamerthemedefault.sty
(/usr/share/texlive/texmf-dist/tex/latex/beamer/beamerfontthemedefault.sty)
(/usr/share/texlive/texmf-dist/tex/latex/beamer/beamercolorthemedefault.sty)
(/usr/share/texlive/texmf-dist/tex/latex/beamer/beamerinnerthemedefault.sty
\beamer@dima=\dimen292
\beamer@dimb=\dimen293
)
(/usr/share/texlive/texmf-dist/tex/latex/beamer/beamerouterthemedefault.sty)))
(./beamercolorthemeCalm.sty) (./beamerthemeCalm.sty
(/usr/share/texlive/texmf-dist/tex/latex/base/fontenc.sty
Package: fontenc 2021/04/29 v2.0v Standard LaTeX package
)
(/usr/share/texlive/texmf-dist/tex/latex/lato/lato.sty
Package: lato 2019/06/20 Style file for Lato.

(/usr/share/texlive/texmf-dist/tex/latex/fontaxes/fontaxes.sty
Package: fontaxes 2020/07/21 v1.0e Font selection axes
LaTeX Info: Redefining \upshape on input line 29.
LaTeX Info: Redefining \itshape on input line 31.
LaTeX Info: Redefining \slshape on input line 33.
LaTeX Info: Redefining \swshape on input line 35.
LaTeX Info: Redefining \scshape on input line 37.
LaTeX Info: Redefining \sscshape on input line 39.
LaTeX Info: Redefining \ulcshape on input line 41.
LaTeX Info: Redefining \textsw on input line 47.
LaTeX Info: Redefining \textssc on input line 48.
LaTeX Info: Redefining \textulc on input line 49.
)
(/usr/share/texlive/texmf-dist/tex/generic/iftex/ifluatex.sty
Package: ifluatex 2019/10/25 v1.5 ifluatex legacy package. Use iftex instead.
)
(/usr/share/texlive/texmf-dist/tex/generic/iftex/ifxetex.sty
Package: ifxetex 2019/10/25 v0.7 ifxetex legacy package. Use iftex instead.
)
(/usr/share/texlive/texmf-dist/tex/latex/xkeyval/xkeyval.sty
Package: xkeyval 2022/06/16 v2.9 package option processing (HA)

(/usr/share/texlive/texmf-dist/tex/generic/xkeyval/xkeyval.tex
(/usr/share/texlive/texmf-dist/tex/generic/xkeyval/xkvutils.tex
\XKV@toks=\toks46
\XKV@tempa@toks=\toks47
)
\XKV@depth=\count336
File: xkeyval.tex 2014/12/03 v2.7a key=value parser (HA)
)))
(/usr/share/texlive/texmf-dist/tex/latex/eulervm/eulervm.sty
Package: eulervm 2005/01/11 v4.0 (WaS)
)
(/usr/share/texlive/texmf-dist/tex/latex/inconsolata/inconsolata.sty
Package: inconsolata 2019/05/17 v1.12

`inconsolata-zi4' v1.12, 2019/05/17 Text macros for Inconsolata (msharpe)
(/usr/share/texlive/texmf-dist/tex/latex/base/textcomp.sty
Package: textcomp 2020/02/02 v2.0n Standard LaTeX package
)
\zifour@ocount=\count337
)
(/usr/share/texlive/texmf-dist/tex/latex/textpos/textpos.sty
Package: textpos 2022/07/23 v1.10.1
Package textpos Info: choosing support for LaTeX3 on input line 60.
\TP@textbox=\box76
\TP@holdbox=\box77
\TPHorizModule=\dimen294
\TPVertModule=\dimen295
\TP@margin=\dimen296
\TP@absmargin=\dimen297

Grid set 16 x 16 = 24.89615pt x 16.00467pt
\TPboxrulesize=\dimen298
\TP@ox=\dimen299
\TP@oy=\dimen300
\TP@tbargs=\toks48
TextBlockOrigin set to 0pt x 0pt
) (/usr/share/texlive/texmf-dist/tex/latex/pgfplots/pgfplots.sty
(/usr/share/texlive/texmf-dist/tex/generic/pgfplots/pgfplots.revision.tex)
Package: pgfplots 2021/05/15 v1.18.1 Data Visualization (1.18.1)

(/usr/share/texlive/texmf-dist/tex/latex/pgf/frontendlayer/tikz.sty
(/usr/share/texlive/texmf-dist/tex/latex/pgf/basiclayer/pgf.sty
Package: pgf 2023-01-15 v3.1.10 (3.1.10)

(/usr/share/texlive/texmf-dist/tex/generic/pgf/modules/pgfmoduleshapes.code.tex
File: pgfmoduleshapes.code.tex 2023-01-15 v3.1.10 (3.1.10)
\pgfnodeparttextbox=\box78
) (/usr/share/texlive/texmf-dist/tex/generic/pgf/modules/pgfmoduleplot.code.tex
File: pgfmoduleplot.code.tex 2023-01-15 v3.1.10 (3.1.10)
)
(/usr/share/texlive/texmf-dist/tex/latex/pgf/compatibility/pgfcomp-version-0-65
.sty
Package: pgfcomp-version-0-65 2023-01-15 v3.1.10 (3.1.10)
\pgf@nodesepstart=\dimen301
\pgf@nodesepend=\dimen302
)
(/usr/share/texlive/texmf-dist/tex/latex/pgf/compatibility/pgfcomp-version-1-18
.sty
Package: pgfcomp-version-1-18 2023-01-15 v3.1.10 (3.1.10)
)) (/usr/share/texlive/texmf-dist/tex/latex/pgf/utilities/pgffor.sty
(/usr/share/texlive/texmf-dist/tex/generic/pgf/utilities/pgffor.code.tex
Package: pgffor 2023-01-15 v3.1.10 (3.1.10)
\pgffor@iter=\dimen303
\pgffor@skip=\dimen304
\pgffor@stack=\toks49
\pgffor@toks=\toks50
))
(/usr/share/texlive/texmf-dist/tex/generic/pgf/frontendlayer/tikz/tikz.code.tex
Package: tikz 2023-01-15 v3.1.10 (3.1.10)

(/usr/share/texlive/texmf-dist/tex/generic/pgf/libraries/pgflibraryplothandlers
.code.tex
File: pgflibraryplothandlers.code.tex 2023-01-15 v3.1.10 (3.1.10)
\pgf@plot@mark@count=\count338
\pgfplotmarksize=\dimen305
)
\tikz@lastx=\dimen306
\tikz@lasty=\dimen307
\tikz@lastxsaved=\dimen308
\tikz@lastysaved=\dimen309
\tikz@lastmovetox=\dimen310
\tikz@lastmovetoy=\dimen311
\tikzleveldistance=\dimen312
\tikzsiblingdistance=\dimen313
\tikz@figbox=\box79
\tikz@figbox@bg=\box80
\tikz@tempbox=\box81
\tikz@tempbox@bg=\box82
\tikztreelevel=\count339
\tikznumberofchildren=\count340
\tikznumberofcurrentchild=\count341
\tikz@fig@count=\count342

(/usr/share/texlive/texmf-dist/tex/generic/pgf/modules/pgfmodulematrix.code.tex
File: pgfmodulematrix.code.tex 2023-01-15 v3.1.10 (3.1.10)
\pgfmatrixcurrentrow=\count343
\pgfmatrixcurrentcolumn=\count344
\pgf@matrix@numberofcolumns=\count345
)
\tikz@expandcount=\count346

(/usr/share/texlive/texmf-dist/tex/generic/pgf/frontendlayer/tikz/libraries/tik
zlibrarytopaths.code.tex
File: tikzlibrarytopaths.code.tex 2023-01-15 v3.1.10 (3.1.10)
)))
(/usr/share/texlive/texmf-dist/tex/generic/pgfplots/pgfplots.code.tex
(/usr/share/texlive/texmf-dist/tex/generic/pgfplots/pgfplotscore.code.tex
\t@pgfplots@toka=\toks51
\t@pgfplots@tokb=\toks52
\t@pgfplots@tokc=\toks53
\pgfplots@tmpa=\dimen314
\c@pgfplots@coordindex=\count347
\c@pgfplots@scanlineindex=\count348

(/usr/share/texlive/texmf-dist/tex/generic/pgfplots/sys/pgfplotssysgeneric.code
.tex))
(/usr/share/texlive/texmf-dist/tex/generic/pgfplots/libs/pgfplotslibrary.code.t
ex)
(/usr/share/texlive/texmf-dist/tex/generic/pgfplots/oldpgfcompatib/pgfplotsoldp
gfsupp_loader.code.tex
(/usr/share/texlive/texmf-dist/tex/generic/pgf/libraries/pgflibraryfpu.code.tex
)
Package pgfplots: loading complementary utilities for your pgf version...
\t@pgf@toka=\toks54
\t@pgf@tokb=\toks55
\t@pgf@tokc=\toks56

(/usr/share/texlive/texmf-dist/tex/generic/pgfplots/oldpgfcompatib/pgfplotsoldp
gfsupp_pgfutil-common-lists.tex))
(/usr/share/texlive/texmf-dist/tex/generic/pgfplots/util/pgfplotsutil.code.tex
(/usr/share/texlive/texmf-dist/tex/generic/pgfplots/liststructure/pgfplotslists
tructure.code.tex)
(/usr/share/texlive/texmf-dist/tex/generic/pgfplots/liststructure/pgfplotslists
tructureext.code.tex)
(/usr/share/texlive/texmf-dist/tex/generic/pgfplots/liststructure/pgfplotsarray
.code.tex
\c@pgfplotsarray@tmp=\count349
)
(/usr/share/texlive/texmf-dist/tex/generic/pgfplots/liststructure/pgfplotsmatri
x.code.tex)
(/usr/share/texlive/texmf-dist/tex/generic/pgfplots/numtable/pgfplotstableshare
d.code.tex
\c@pgfplotstable@counta=\count350
\t@pgfplotstable@a=\toks57
)
(/usr/share/texlive/texmf-dist/tex/generic/pgfplots/liststructure/pgfplotsdeque
.code.tex)
(/usr/share/texlive/texmf-dist/tex/generic/pgfplots/util/pgfplotsbinary.code.te
x
(/usr/share/texlive/texmf-dist/tex/generic/pgfplots/util/pgfplotsbinary.data.co
de.tex))
(/usr/share/texlive/texmf-dist/tex/generic/pgfplots/util/pgfplotsutil.verb.code
.tex)
(/usr/share/texlive/texmf-dist/tex/generic/pgfplots/libs/pgflibrarypgfplots.sur
fshading.code.tex
\c@pgfplotslibrarysurf@no=\count351

(/usr/share/texlive/texmf-dist/tex/generic/pgfplots/sys/pgflibrarypgfplots.surf
shading.pgfsys-pdftex.def)))
(/usr/share/texlive/texmf-dist/tex/generic/pgfplots/util/pgfplotscolormap.code.
tex
(/usr/share/texlive/texmf-dist/tex/generic/pgfplots/util/pgfplotscolor.code.tex
))
(/usr/share/texlive/texmf-dist/tex/generic/pgfplots/pgfplotsstackedplots.code.t
ex)
(/usr/share/texlive/texmf-dist/tex/generic/pgfplots/pgfplotsplothandlers.code.t
ex
(/usr/share/texlive/texmf-dist/tex/generic/pgfplots/pgfplotsmeshplothandler.cod
e.tex
(/usr/share/texlive/texmf-dist/tex/generic/pgfplots/pgfplotsmeshplotimage.code.
tex)))
(/usr/share/texlive/texmf-dist/tex/generic/pgfplots/pgfplots.scaling.code.tex)
(/usr/share/texlive/texmf-dist/tex/generic/pgfplots/pgfplotscoordprocessing.cod
e.tex)
(/usr/share/texlive/texmf-dist/tex/generic/pgfplots/pgfplots.errorbars.code.tex
) (/usr/share/texlive/texmf-dist/tex/generic/pgfplots/pgfplots.markers.code.tex
) (/usr/share/texlive/texmf-dist/tex/generic/pgfplots/pgfplotsticks.code.tex)
(/usr/share/texlive/texmf-dist/tex/generic/pgfplots/pgfplots.paths.code.tex)
(/usr/share/texlive/texmf-dist/tex/generic/pgf/frontendlayer/tikz/libraries/tik
zlibrarydecorations.code.tex
(/usr/share/texlive/texmf-dist/tex/generic/pgf/modules/pgfmoduledecorations.cod
e.tex
\pgfdecoratedcompleteddistance=\dimen315
\pgfdecoratedremainingdistance=\dimen316
\pgfdecoratedinputsegmentcompleteddistance=\dimen317
\pgfdecoratedinputsegmentremainingdistance=\dimen318
\pgf@decorate@distancetomove=\dimen319
\pgf@decorate@repeatstate=\count352
\pgfdecorationsegmentamplitude=\dimen320
\pgfdecorationsegmentlength=\dimen321
)
\tikz@lib@dec@box=\box83
)
(/usr/share/texlive/texmf-dist/tex/generic/pgf/frontendlayer/tikz/libraries/tik
zlibrarydecorations.pathmorphing.code.tex
(/usr/share/texlive/texmf-dist/tex/generic/pgf/libraries/decorations/pgflibrary
decorations.pathmorphing.code.tex))
(/usr/share/texlive/texmf-dist/tex/generic/pgf/frontendlayer/tikz/libraries/tik
zlibrarydecorations.pathreplacing.code.tex
(/usr/share/texlive/texmf-dist/tex/generic/pgf/libraries/decorations/pgflibrary
decorations.pathreplacing.code.tex))
(/usr/share/texlive/texmf-dist/tex/generic/pgfplots/libs/tikzlibrarypgfplots.co
ntourlua.code.tex)
\pgfplots@numplots=\count353
\pgfplots@xmin@reg=\dimen322
\pgfplots@xmax@reg=\dimen323
\pgfplots@ymin@reg=\dimen324
\pgfplots@ymax@reg=\dimen325
\pgfplots@zmin@reg=\dimen326
\pgfplots@zmax@reg=\dimen327
)
(/usr/share/texlive/texmf-dist/tex/generic/pgf/frontendlayer/tikz/libraries/tik
zlibraryplotmarks.code.tex
File: tikzlibraryplotmarks.code.tex 2023-01-15 v3.1.10 (3.1.10)

(/usr/share/texlive/texmf-dist/tex/generic/pgf/libraries/pgflibraryplotmarks.co
de.tex
File: pgflibraryplotmarks.code.tex 2023-01-15 v3.1.10 (3.1.10)
)))

Package pgf Warning: File "back" not found when defining image "back". Tried al
l extensions in ".pdf:.jpg:.jpeg:.png:" on input line 56.

) (/usr/share/texlive/texmf-dist/tex/latex/pgfplots/pgfplotstable.sty
(/usr/share/texlive/texmf-dist/tex/generic/pgfplots/pgfplots.revision.tex)
Package: pgfplotstable 2021/05/15 v1.18.1 Table typesetting and Pretty-printing
 (1.18.1)

(/usr/share/texlive/texmf-dist/tex/generic/pgfplots/numtable/pgfplotstable.code
.tex
(/usr/share/texlive/texmf-dist/tex/generic/pgfplots/numtable/pgfplotstable.colt
ype.code.tex)) (/usr/share/texlive/texmf-dist/tex/latex/tools/array.sty
Package: array 2023/10/16 v2.5g Tabular extension package (FMi)
\col@sep=\dimen328
\ar@mcellbox=\box84
\extrarowheight=\dimen329
\NC@list=\toks58
\extratabsurround=\skip65
\backup@length=\skip66
\ar@cellbox=\box85
))
(/usr/share/texlive/texmf-dist/tex/latex/base/inputenc.sty
Package: inputenc 2021/02/14 v1.3d Input encoding file
\inpenc@prehook=\toks59
\inpenc@posthook=\toks60
)
LaTeX Font Info:    Trying to load font information for T1+lato-TLF on input li
ne 59.

(/usr/share/texlive/texmf-dist/tex/latex/lato/T1lato-TLF.fd
File: T1lato-TLF.fd 2019/06/24 Font definitions for T1/lato-TLF.
)
LaTeX Font Info:    Font shape `T1/lato-TLF/m/n' will be
(Font)              scaled to size 10.0pt on input line 59.

(/usr/share/texlive/texmf-dist/tex/latex/l3backend/l3backend-pdftex.def
File: l3backend-pdftex.def 2024-01-04 L3 backend support: PDF output (pdfTeX)
\l__color_backend_stack_int=\count354
\l__pdf_internal_box=\box86
)
(./metaeco.aux)
\openout1 = `metaeco.aux'.

LaTeX Font Info:    Checking defaults for OML/cmm/m/it on input line 59.
LaTeX Font Info:    ... okay on input line 59.
LaTeX Font Info:    Checking defaults for OMS/cmsy/m/n on input line 59.
LaTeX Font Info:    ... okay on input line 59.
LaTeX Font Info:    Checking defaults for OT1/cmr/m/n on input line 59.
LaTeX Font Info:    ... okay on input line 59.
LaTeX Font Info:    Checking defaults for T1/cmr/m/n on input line 59.
LaTeX Font Info:    ... okay on input line 59.
LaTeX Font Info:    Checking defaults for TS1/cmr/m/n on input line 59.
LaTeX Font Info:    ... okay on input line 59.
LaTeX Font Info:    Checking defaults for OMX/cmex/m/n on input line 59.
LaTeX Font Info:    ... okay on input line 59.
LaTeX Font Info:    Checking defaults for U/cmr/m/n on input line 59.
LaTeX Font Info:    ... okay on input line 59.
LaTeX Font Info:    Checking defaults for PD1/pdf/m/n on input line 59.
LaTeX Font Info:    ... okay on input line 59.
LaTeX Font Info:    Checking defaults for PU/pdf/m/n on input line 59.
LaTeX Font Info:    ... okay on input line 59.

*geometry* driver: auto-detecting
*geometry* detected driver: pdftex
*geometry* verbose mode - [ preamble ] result:
* driver: pdftex
* paper: custom
* layout: <same size as paper>
* layoutoffset:(h,v)=(0.0pt,0.0pt)
* modes: includehead includefoot 
* h-part:(L,W,R)=(28.45274pt, 341.43309pt, 28.45274pt)
* v-part:(T,H,B)=(0.0pt, 256.0748pt, 0.0pt)
* \paperwidth=398.33858pt
* \paperheight=256.0748pt
* \textwidth=341.43309pt
* \textheight=227.62207pt
* \oddsidemargin=-43.81725pt
* \evensidemargin=-43.81725pt
* \topmargin=-72.26999pt
* \headheight=14.22636pt
* \headsep=0.0pt
* \topskip=10.0pt
* \footskip=14.22636pt
* \marginparwidth=3.0pt
* \marginparsep=11.0pt
* \columnsep=10.0pt
* \skip\footins=9.0pt plus 4.0pt minus 2.0pt
* \hoffset=0.0pt
* \voffset=0.0pt
* \mag=1000
* \@twocolumnfalse
* \@twosidefalse
* \@mparswitchfalse
* \@reversemarginfalse
* (1in=72.27pt=25.4mm, 1cm=28.453pt)

(/usr/share/texlive/texmf-dist/tex/context/base/mkii/supp-pdf.mkii
[Loading MPS to PDF converter (version 2006.09.02).]
\scratchcounter=\count355
\scratchdimen=\dimen330
\scratchbox=\box87
\nofMPsegments=\count356
\nofMParguments=\count357
\everyMPshowfont=\toks61
\MPscratchCnt=\count358
\MPscratchDim=\dimen331
\MPnumerator=\count359
\makeMPintoPDFobject=\count360
\everyMPtoPDFconversion=\toks62
) (/usr/share/texlive/texmf-dist/tex/latex/epstopdf-pkg/epstopdf-base.sty
Package: epstopdf-base 2020-01-24 v2.11 Base part for package epstopdf

(/usr/share/texlive/texmf-dist/tex/latex/grfext/grfext.sty
Package: grfext 2019/12/03 v1.3 Manage graphics extensions (HO)
)
Package epstopdf-base Info: Redefining graphics rule for `.eps' on input line 4
85.
Package grfext Info: Graphics extension search list:
(grfext)             [.pdf,.png,.jpg,.mps,.jpeg,.jbig2,.jb2,.PDF,.PNG,.JPG,.JPE
G,.JBIG2,.JB2,.eps]
(grfext)             \AppendGraphicsExtensions on input line 504.

(/usr/share/texlive/texmf-dist/tex/latex/latexconfig/epstopdf-sys.cfg
File: epstopdf-sys.cfg 2010/07/13 v1.3 Configuration of (r)epstopdf for TeX Liv
e
))
Package hyperref Info: Link coloring OFF on input line 59.

(./metaeco.out) (./metaeco.out)
\@outlinefile=\write5
\openout5 = `metaeco.out'.

LaTeX Font Info:    Encoding `T1' has changed to `OT1' for symbol font
(Font)              `operators' in the math version `normal' on input line 59.
LaTeX Font Info:    Overwriting symbol font `operators' in version `normal'
(Font)                  T1/lato-TLF/m/n --> OT1/cmss/m/n on input line 59.
LaTeX Font Info:    Encoding `T1' has changed to `OT1' for symbol font
(Font)              `operators' in the math version `bold' on input line 59.
LaTeX Font Info:    Overwriting symbol font `operators' in version `bold'
(Font)                  T1/lato-TLF/b/n --> OT1/cmss/b/n on input line 59.
\symnumbers=\mathgroup6
\sympureletters=\mathgroup7
LaTeX Font Info:    Overwriting math alphabet `\mathrm' in version `normal'
(Font)                  OT1/cmss/m/n --> T1/cmr/m/n on input line 59.
LaTeX Font Info:    Redeclaring math alphabet \mathbf on input line 59.
LaTeX Font Info:    Overwriting math alphabet `\mathbf' in version `normal'
(Font)                  T1/cmr/b/n --> T1/cmss/b/n on input line 59.
LaTeX Font Info:    Overwriting math alphabet `\mathbf' in version `bold'
(Font)                  T1/cmr/b/n --> T1/cmss/b/n on input line 59.
LaTeX Font Info:    Redeclaring math alphabet \mathsf on input line 59.
LaTeX Font Info:    Overwriting math alphabet `\mathsf' in version `normal'
(Font)                  T1/cmss/m/n --> T1/cmss/m/n on input line 59.
LaTeX Font Info:    Overwriting math alphabet `\mathsf' in version `bold'
(Font)                  T1/cmss/b/n --> T1/cmss/m/n on input line 59.
LaTeX Font Info:    Redeclaring math alphabet \mathit on input line 59.
LaTeX Font Info:    Overwriting math alphabet `\mathit' in version `normal'
(Font)                  T1/cmr/m/it --> T1/cmss/m/it on input line 59.
LaTeX Font Info:    Overwriting math alphabet `\mathit' in version `bold'
(Font)                  T1/cmr/b/it --> T1/cmss/m/it on input line 59.
LaTeX Font Info:    Redeclaring math alphabet \mathtt on input line 59.
LaTeX Font Info:    Overwriting math alphabet `\mathtt' in version `normal'
(Font)                  T1/cmtt/m/n --> T1/zi4/m/n on input line 59.
LaTeX Font Info:    Overwriting math alphabet `\mathtt' in version `bold'
(Font)                  T1/cmtt/b/n --> T1/zi4/m/n on input line 59.
LaTeX Font Info:    Overwriting symbol font `numbers' in version `bold'
(Font)                  T1/cmss/m/n --> T1/cmss/b/n on input line 59.
LaTeX Font Info:    Overwriting symbol font `pureletters' in version `bold'
(Font)                  T1/cmss/m/it --> T1/cmss/b/it on input line 59.
LaTeX Font Info:    Overwriting math alphabet `\mathrm' in version `bold'
(Font)                  OT1/cmss/b/n --> T1/cmr/b/n on input line 59.
LaTeX Font Info:    Overwriting math alphabet `\mathbf' in version `bold'
(Font)                  T1/cmss/b/n --> T1/cmss/b/n on input line 59.
LaTeX Font Info:    Overwriting math alphabet `\mathsf' in version `bold'
(Font)                  T1/cmss/m/n --> T1/cmss/b/n on input line 59.
LaTeX Font Info:    Overwriting math alphabet `\mathit' in version `bold'
(Font)                  T1/cmss/m/it --> T1/cmss/b/it on input line 59.
LaTeX Font Info:    Overwriting math alphabet `\mathtt' in version `bold'
(Font)                  T1/zi4/m/n --> T1/zi4/b/n on input line 59.
LaTeX Font Info:    Redeclaring symbol font `pureletters' on input line 59.
LaTeX Font Info:    Encoding `T1' has changed to `OT1' for symbol font
(Font)              `pureletters' in the math version `normal' on input line 59
.
LaTeX Font Info:    Overwriting symbol font `pureletters' in version `normal'
(Font)                  T1/cmss/m/it --> OT1/mathkerncmss/m/sl on input line 59
.
LaTeX Font Info:    Encoding `T1' has changed to `OT1' for symbol font
(Font)              `pureletters' in the math version `bold' on input line 59.
LaTeX Font Info:    Overwriting symbol font `pureletters' in version `bold'
(Font)                  T1/cmss/b/it --> OT1/mathkerncmss/m/sl on input line 59
.
LaTeX Font Info:    Overwriting symbol font `pureletters' in version `bold'
(Font)                  OT1/mathkerncmss/m/sl --> OT1/mathkerncmss/bx/sl on inp
ut line 59.

(/usr/share/texlive/texmf-dist/tex/latex/translator/translator-basic-dictionary
-English.dict
Dictionary: translator-basic-dictionary, Language: English 
)
(/usr/share/texlive/texmf-dist/tex/latex/translator/translator-bibliography-dic
tionary-English.dict
Dictionary: translator-bibliography-dictionary, Language: English 
)
(/usr/share/texlive/texmf-dist/tex/latex/translator/translator-environment-dict
ionary-English.dict
Dictionary: translator-environment-dictionary, Language: English 
)
(/usr/share/texlive/texmf-dist/tex/latex/translator/translator-months-dictionar
y-English.dict
Dictionary: translator-months-dictionary, Language: English 
)
(/usr/share/texlive/texmf-dist/tex/latex/translator/translator-numbers-dictiona
ry-English.dict
Dictionary: translator-numbers-dictionary, Language: English 
)
(/usr/share/texlive/texmf-dist/tex/latex/translator/translator-theorem-dictiona
ry-English.dict
Dictionary: translator-theorem-dictionary, Language: English 
)
\c@mv@tabular=\count361
\c@mv@boldtabular=\count362
 (/usr/share/texlive/texmf-dist/tex/latex/upquote/upquote.sty
Package: upquote 2012/04/19 v1.3 upright-quote and grave-accent glyphs in verba
tim
)
Package pgfplots notification 'compat/show suggested version=true': document ha
s been generated with the most recent feature set (\pgfplotsset{compat=1.18}).

(./metaeco.nav)
LaTeX Font Info:    Font shape `T1/lato-TLF/m/n' will be
(Font)              scaled to size 5.0pt on input line 59.


LaTeX Font Warning: Font shape `T1/lato-TLF/m/sc' undefined
(Font)              using `T1/lato-TLF/m/n' instead on input line 63.

LaTeX Font Info:    Font shape `T1/lato-TLF/m/sc' will be
(Font)              scaled to size 5.0pt on input line 63.
LaTeX Font Info:    Font shape `T1/lato-TLF/m/sc' will be
(Font)              scaled to size 12.0pt on input line 63.

LaTeX Font Warning: Font shape `T1/lato-TLF/b/sc' undefined
(Font)              using `T1/lato-TLF/b/n' instead on input line 63.

LaTeX Font Info:    Font shape `T1/lato-TLF/b/n' will be
(Font)              scaled to size 12.0pt on input line 63.
LaTeX Font Info:    Font shape `T1/lato-TLF/b/sc' will be
(Font)              scaled to size 12.0pt on input line 63.
LaTeX Font Info:    Font shape `T1/lato-TLF/b/sc' will be
(Font)              scaled to size 9.0pt on input line 63.
LaTeX Font Info:    Font shape `T1/lato-TLF/m/n' will be
(Font)              scaled to size 9.0pt on input line 63.
LaTeX Font Info:    Font shape `T1/lato-TLF/b/n' will be
(Font)              scaled to size 9.0pt on input line 63.


pdfTeX warning: pdflatex (file ./bg.pdf): PDF inclusion: found PDF version <1.7
>, but at most version <1.5> allowed
<bg.pdf, id=13, 796.67719pt x 448.1309pt>
File: bg.pdf Graphic file (type pdf)
<use bg.pdf>
Package pdftex.def Info: bg.pdf  used on input line 63.
(pdftex.def)             Requested size: 398.33762pt x 256.07318pt.
[1

{/var/lib/texmf/fonts/map/pdftex/updmap/pdftex.map}{/usr/share/texlive/texmf-di
st/fonts/enc/dvips/lato/a_cl4kdn.enc} <./bg.pdf>]
<Figs/polis1995.png, id=31, 1483.5425pt x 957.5775pt>
File: Figs/polis1995.png Graphic file (type png)
<use Figs/polis1995.png>
Package pdftex.def Info: Figs/polis1995.png  used on input line 76.
(pdftex.def)             Requested size: 312.41333pt x 201.6606pt.
LaTeX Font Info:    Font shape `T1/lato-TLF/m/n' will be
(Font)              scaled to size 8.0pt on input line 76.
LaTeX Font Info:    Font shape `T1/lato-TLF/m/sc' will be
(Font)              scaled to size 10.0pt on input line 76.

Overfull \vbox (9.08218pt too high) detected at line 76
 []

File: bg.pdf Graphic file (type pdf)
<use bg.pdf>
Package pdftex.def Info: bg.pdf  used on input line 76.
(pdftex.def)             Requested size: 398.33762pt x 256.07318pt.
LaTeX Font Info:    Font shape `T1/lato-TLF/m/n' will be
(Font)              scaled to size 4.0pt on input line 76.
[2

 <./Figs/polis1995.png>]
Overfull \hbox (0.9pt too wide) in paragraph at lines 87--87
 []\T1/lato-TLF/m/sc/5 2
 []

<Figs/giroux2007.png, id=39, 1365.1pt x 938.50626pt>
File: Figs/giroux2007.png Graphic file (type png)
<use Figs/giroux2007.png>
Package pdftex.def Info: Figs/giroux2007.png  used on input line 87.
(pdftex.def)             Requested size: 256.643pt x 176.45158pt.
File: bg.pdf Graphic file (type pdf)
<use bg.pdf>
Package pdftex.def Info: bg.pdf  used on input line 87.
(pdftex.def)             Requested size: 398.33762pt x 256.07318pt.

Overfull \hbox (0.9pt too wide) has occurred while \output is active
 []\T1/lato-TLF/m/sc/5 2
 []

[3

 <./Figs/giroux2007.png>]
Overfull \hbox (0.9pt too wide) in paragraph at lines 98--98
 []\T1/lato-TLF/m/sc/5 3
 []

<Figs/heldfield2001.png, id=46, 1443.3925pt x 818.05624pt>
File: Figs/heldfield2001.png Graphic file (type png)
<use Figs/heldfield2001.png>
Package pdftex.def Info: Figs/heldfield2001.png  used on input line 98.
(pdftex.def)             Requested size: 311.33646pt x 176.45158pt.
File: bg.pdf Graphic file (type pdf)
<use bg.pdf>
Package pdftex.def Info: bg.pdf  used on input line 98.
(pdftex.def)             Requested size: 398.33762pt x 256.07318pt.

Overfull \hbox (0.9pt too wide) has occurred while \output is active
 []\T1/lato-TLF/m/sc/5 3
 []

[4

 <./Figs/heldfield2001.png>]
Overfull \hbox (0.9pt too wide) in paragraph at lines 109--109
 []\T1/lato-TLF/m/sc/5 4
 []

<Figs/maron2006.png, id=53, 1423.3175pt x 949.5475pt>
File: Figs/maron2006.png Graphic file (type png)
<use Figs/maron2006.png>
Package pdftex.def Info: Figs/maron2006.png  used on input line 109.
(pdftex.def)             Requested size: 264.48239pt x 176.45158pt.
File: bg.pdf Graphic file (type pdf)
<use bg.pdf>
Package pdftex.def Info: bg.pdf  used on input line 109.
(pdftex.def)             Requested size: 398.33762pt x 256.07318pt.

Overfull \hbox (0.9pt too wide) has occurred while \output is active
 []\T1/lato-TLF/m/sc/5 4
 []

[5

 <./Figs/maron2006.png>]
Overfull \hbox (0.9pt too wide) in paragraph at lines 120--120
 []\T1/lato-TLF/m/sc/5 5
 []

<Figs/gounand2016.png, id=60, 1337.99875pt x 713.66624pt>
File: Figs/gounand2016.png Graphic file (type png)
<use Figs/gounand2016.png>
Package pdftex.def Info: Figs/gounand2016.png  used on input line 120.
(pdftex.def)             Requested size: 330.80354pt x 176.45158pt.
File: bg.pdf Graphic file (type pdf)
<use bg.pdf>
Package pdftex.def Info: bg.pdf  used on input line 120.
(pdftex.def)             Requested size: 398.33762pt x 256.07318pt.

Overfull \hbox (0.9pt too wide) has occurred while \output is active
 []\T1/lato-TLF/m/sc/5 5
 []

[6

 <./Figs/gounand2016.png>]
Overfull \hbox (0.9pt too wide) in paragraph at lines 131--131
 []\T1/lato-TLF/m/sc/5 6
 []

<Figs/knight2005.png, id=67, 1172.38pt x 886.31125pt>
File: Figs/knight2005.png Graphic file (type png)
<use Figs/knight2005.png>
Package pdftex.def Info: Figs/knight2005.png  used on input line 131.
(pdftex.def)             Requested size: 233.3985pt x 176.45158pt.
File: bg.pdf Graphic file (type pdf)
<use bg.pdf>
Package pdftex.def Info: bg.pdf  used on input line 131.
(pdftex.def)             Requested size: 398.33762pt x 256.07318pt.

Overfull \hbox (0.9pt too wide) has occurred while \output is active
 []\T1/lato-TLF/m/sc/5 6
 []

[7

 <./Figs/knight2005.png>]
Overfull \hbox (0.9pt too wide) in paragraph at lines 146--146
 []\T1/lato-TLF/m/sc/5 7
 []

LaTeX Font Info:    Font shape `T1/lato-TLF/m/n' will be
(Font)              scaled to size 17.28pt on input line 146.
LaTeX Font Info:    Font shape `T1/lato-TLF/m/it' will be
(Font)              scaled to size 17.28pt on input line 146.

Overfull \hbox (0.9pt too wide) has occurred while \output is active
 []\T1/lato-TLF/m/sc/5 7
 []

[8

]
Overfull \hbox (0.9pt too wide) in paragraph at lines 157--157
 []\T1/lato-TLF/m/sc/5 8
 []

<Figs/gravel2010a.png, id=81, 565.11125pt x 504.88625pt>
File: Figs/gravel2010a.png Graphic file (type png)
<use Figs/gravel2010a.png>
Package pdftex.def Info: Figs/gravel2010a.png  used on input line 157.
(pdftex.def)             Requested size: 197.49872pt x 176.45158pt.
File: bg.pdf Graphic file (type pdf)
<use bg.pdf>
Package pdftex.def Info: bg.pdf  used on input line 157.
(pdftex.def)             Requested size: 398.33762pt x 256.07318pt.

Overfull \hbox (0.9pt too wide) has occurred while \output is active
 []\T1/lato-TLF/m/sc/5 8
 []

[9

 <./Figs/gravel2010a.png>]
Overfull \hbox (0.9pt too wide) in paragraph at lines 187--187
 []\T1/lato-TLF/m/sc/5 9
 []

LaTeX Font Info:    Trying to load font information for U+zeur on input line 18
7.
(/usr/share/texlive/texmf-dist/tex/latex/eulervm/uzeur.fd
File: uzeur.fd 2005/01/11 v4.0 (WaS)
)
LaTeX Font Info:    Trying to load font information for U+zeus on input line 18
7.

(/usr/share/texlive/texmf-dist/tex/latex/eulervm/uzeus.fd
File: uzeus.fd 2005/01/11 v4.0 (WaS)
)
LaTeX Font Info:    Trying to load font information for U+zeuex on input line 1
87.

(/usr/share/texlive/texmf-dist/tex/latex/eulervm/uzeuex.fd
File: uzeuex.fd 2005/01/11 v4.0 (WaS)
)
LaTeX Font Info:    Trying to load font information for OT1+mathkerncmss on inp
ut line 187.

(/usr/share/texlive/texmf-dist/tex/latex/sansmathaccent/ot1mathkerncmss.fd
File: ot1mathkerncmss.fd 2020/01/31 Fontinst v1.933 font definitions for OT1/ma
thkerncmss.
)
File: bg.pdf Graphic file (type pdf)
<use bg.pdf>
Package pdftex.def Info: bg.pdf  used on input line 187.
(pdftex.def)             Requested size: 398.33762pt x 256.07318pt.

Overfull \hbox (0.9pt too wide) has occurred while \output is active
 []\T1/lato-TLF/m/sc/5 9
 []

[10

{/usr/share/texmf/fonts/enc/dvips/cm-super/cm-super-t1.enc}]
Overfull \hbox (3.79999pt too wide) in paragraph at lines 200--200
 []\T1/lato-TLF/m/sc/5 10
 []

File: bg.pdf Graphic file (type pdf)
<use bg.pdf>
Package pdftex.def Info: bg.pdf  used on input line 200.
(pdftex.def)             Requested size: 398.33762pt x 256.07318pt.

Overfull \hbox (3.79999pt too wide) has occurred while \output is active
 []\T1/lato-TLF/m/sc/5 10
 []

[11

]
Overfull \hbox (3.79999pt too wide) in paragraph at lines 213--213
 []\T1/lato-TLF/m/sc/5 11
 []


Overfull \hbox (3.79999pt too wide) has occurred while \output is active
 []\T1/lato-TLF/m/sc/5 11
 []

[12

]
Overfull \hbox (3.79999pt too wide) in paragraph at lines 226--226
 []\T1/lato-TLF/m/sc/5 12
 []

LaTeX Font Info:    Font shape `T1/lato-TLF/b/n' will be
(Font)              scaled to size 10.0pt on input line 226.
LaTeX Font Info:    Font shape `T1/lato-TLF/m/it' will be
(Font)              scaled to size 10.0pt on input line 226.
File: bg.pdf Graphic file (type pdf)
<use bg.pdf>
Package pdftex.def Info: bg.pdf  used on input line 226.
(pdftex.def)             Requested size: 398.33762pt x 256.07318pt.

Overfull \hbox (3.79999pt too wide) has occurred while \output is active
 []\T1/lato-TLF/m/sc/5 12
 []

[13

]
Overfull \hbox (3.79999pt too wide) in paragraph at lines 237--237
 []\T1/lato-TLF/m/sc/5 13
 []

<Figs/gravel2010b.png, id=115, 1378.14874pt x 846.16125pt>
File: Figs/gravel2010b.png Graphic file (type png)
<use Figs/gravel2010b.png>
Package pdftex.def Info: Figs/gravel2010b.png  used on input line 237.
(pdftex.def)             Requested size: 287.37997pt x 176.45158pt.
File: bg.pdf Graphic file (type pdf)
<use bg.pdf>
Package pdftex.def Info: bg.pdf  used on input line 237.
(pdftex.def)             Requested size: 398.33762pt x 256.07318pt.

Overfull \hbox (3.79999pt too wide) has occurred while \output is active
 []\T1/lato-TLF/m/sc/5 13
 []

[14

 <./Figs/gravel2010b.png>]
Overfull \hbox (3.79999pt too wide) in paragraph at lines 248--248
 []\T1/lato-TLF/m/sc/5 14
 []

<Figs/gravel2010c.png, id=122, 894.34125pt x 877.2775pt>
File: Figs/gravel2010c.png Graphic file (type png)
<use Figs/gravel2010c.png>
Package pdftex.def Info: Figs/gravel2010c.png  used on input line 248.
(pdftex.def)             Requested size: 179.87492pt x 176.45158pt.
File: bg.pdf Graphic file (type pdf)
<use bg.pdf>
Package pdftex.def Info: bg.pdf  used on input line 248.
(pdftex.def)             Requested size: 398.33762pt x 256.07318pt.

Overfull \hbox (3.79999pt too wide) has occurred while \output is active
 []\T1/lato-TLF/m/sc/5 14
 []

[15

 <./Figs/gravel2010c.png>]
Overfull \hbox (3.79999pt too wide) in paragraph at lines 259--259
 []\T1/lato-TLF/m/sc/5 15
 []

<Figs/gravel2010d.png, id=129, 671.50874pt x 946.53625pt>
File: Figs/gravel2010d.png Graphic file (type png)
<use Figs/gravel2010d.png>
Package pdftex.def Info: Figs/gravel2010d.png  used on input line 259.
(pdftex.def)             Requested size: 125.18008pt x 176.45158pt.
File: bg.pdf Graphic file (type pdf)
<use bg.pdf>
Package pdftex.def Info: bg.pdf  used on input line 259.
(pdftex.def)             Requested size: 398.33762pt x 256.07318pt.

Overfull \hbox (3.79999pt too wide) has occurred while \output is active
 []\T1/lato-TLF/m/sc/5 15
 []

[16

 <./Figs/gravel2010d.png>]
Overfull \hbox (3.79999pt too wide) in paragraph at lines 270--270
 []\T1/lato-TLF/m/sc/5 16
 []

<Figs/gounand2014.png, id=136, 1242.6425pt x 968.61874pt>
File: Figs/gounand2014.png Graphic file (type png)
<use Figs/gounand2014.png>
Package pdftex.def Info: Figs/gounand2014.png  used on input line 270.
(pdftex.def)             Requested size: 226.35849pt x 176.45158pt.
File: bg.pdf Graphic file (type pdf)
<use bg.pdf>
Package pdftex.def Info: bg.pdf  used on input line 270.
(pdftex.def)             Requested size: 398.33762pt x 256.07318pt.

Overfull \hbox (3.79999pt too wide) has occurred while \output is active
 []\T1/lato-TLF/m/sc/5 16
 []

[17

 <./Figs/gounand2014.png>]
Overfull \hbox (3.79999pt too wide) in paragraph at lines 287--287
 []\T1/lato-TLF/m/sc/5 17
 []

File: bg.pdf Graphic file (type pdf)
<use bg.pdf>
Package pdftex.def Info: bg.pdf  used on input line 287.
(pdftex.def)             Requested size: 398.33762pt x 256.07318pt.

Overfull \hbox (3.79999pt too wide) has occurred while \output is active
 []\T1/lato-TLF/m/sc/5 17
 []

[18

]
Overfull \hbox (3.79999pt too wide) in paragraph at lines 302--302
 []\T1/lato-TLF/m/sc/5 18
 []


Overfull \hbox (3.79999pt too wide) has occurred while \output is active
 []\T1/lato-TLF/m/sc/5 18
 []

[19

]
Overfull \hbox (3.79999pt too wide) in paragraph at lines 314--314
 []\T1/lato-TLF/m/sc/5 19
 []

<Figs/estes2011.png, id=154, 275.1078pt x 435.5472pt>
File: Figs/estes2011.png Graphic file (type png)
<use Figs/estes2011.png>
Package pdftex.def Info: Figs/estes2011.png  used on input line 314.
(pdftex.def)             Requested size: 119.41486pt x 189.05609pt.
File: bg.pdf Graphic file (type pdf)
<use bg.pdf>
Package pdftex.def Info: bg.pdf  used on input line 314.
(pdftex.def)             Requested size: 398.33762pt x 256.07318pt.

Overfull \hbox (3.79999pt too wide) has occurred while \output is active
 []\T1/lato-TLF/m/sc/5 19
 []

[20

 <./Figs/estes2011.png>]
Overfull \hbox (3.79999pt too wide) in paragraph at lines 325--325
 []\T1/lato-TLF/m/sc/5 20
 []

<Figs/montoya2009a.png, id=161, 1038.88126pt x 844.15375pt>
File: Figs/montoya2009a.png Graphic file (type png)
<use Figs/montoya2009a.png>
Package pdftex.def Info: Figs/montoya2009a.png  used on input line 325.
(pdftex.def)             Requested size: 217.15697pt x 176.45158pt.
File: bg.pdf Graphic file (type pdf)
<use bg.pdf>
Package pdftex.def Info: bg.pdf  used on input line 325.
(pdftex.def)             Requested size: 398.33762pt x 256.07318pt.

Overfull \hbox (3.79999pt too wide) has occurred while \output is active
 []\T1/lato-TLF/m/sc/5 20
 []

[21

 <./Figs/montoya2009a.png>]
Overfull \hbox (3.79999pt too wide) in paragraph at lines 336--336
 []\T1/lato-TLF/m/sc/5 21
 []

<Figs/montoya2009b.png, id=168, 1185.42876pt x 1139.25626pt>
File: Figs/montoya2009b.png Graphic file (type png)
<use Figs/montoya2009b.png>
Package pdftex.def Info: Figs/montoya2009b.png  used on input line 336.
(pdftex.def)             Requested size: 183.59485pt x 176.45158pt.
File: bg.pdf Graphic file (type pdf)
<use bg.pdf>
Package pdftex.def Info: bg.pdf  used on input line 336.
(pdftex.def)             Requested size: 398.33762pt x 256.07318pt.

Overfull \hbox (3.79999pt too wide) has occurred while \output is active
 []\T1/lato-TLF/m/sc/5 21
 []

[22

 <./Figs/montoya2009b.png>]
Overfull \hbox (3.79999pt too wide) in paragraph at lines 347--347
 []\T1/lato-TLF/m/sc/5 22
 []

<Figs/garcia2019a.png, id=175, 990.70125pt x 698.61pt>
File: Figs/garcia2019a.png Graphic file (type png)
<use Figs/garcia2019a.png>
Package pdftex.def Info: Figs/garcia2019a.png  used on input line 347.
(pdftex.def)             Requested size: 250.22945pt x 176.45158pt.
File: bg.pdf Graphic file (type pdf)
<use bg.pdf>
Package pdftex.def Info: bg.pdf  used on input line 347.
(pdftex.def)             Requested size: 398.33762pt x 256.07318pt.

Overfull \hbox (3.79999pt too wide) has occurred while \output is active
 []\T1/lato-TLF/m/sc/5 22
 []

[23

 <./Figs/garcia2019a.png>]
Overfull \hbox (3.79999pt too wide) in paragraph at lines 358--358
 []\T1/lato-TLF/m/sc/5 23
 []

<Figs/gravel2016a.png, id=182, 484.81125pt x 418.56375pt>
File: Figs/gravel2016a.png Graphic file (type png)
<use Figs/gravel2016a.png>
Package pdftex.def Info: Figs/gravel2016a.png  used on input line 358.
(pdftex.def)             Requested size: 204.37389pt x 176.45158pt.
File: bg.pdf Graphic file (type pdf)
<use bg.pdf>
Package pdftex.def Info: bg.pdf  used on input line 358.
(pdftex.def)             Requested size: 398.33762pt x 256.07318pt.

Overfull \hbox (3.79999pt too wide) has occurred while \output is active
 []\T1/lato-TLF/m/sc/5 23
 []

[24

 <./Figs/gravel2016a.png>]
Overfull \hbox (3.79999pt too wide) in paragraph at lines 369--369
 []\T1/lato-TLF/m/sc/5 24
 []

<Figs/garcia2019b.png, id=190, 990.70125pt x 851.18pt>
File: Figs/garcia2019b.png Graphic file (type png)
<use Figs/garcia2019b.png>
Package pdftex.def Info: Figs/garcia2019b.png  used on input line 369.
(pdftex.def)             Requested size: 205.3626pt x 176.45158pt.
File: bg.pdf Graphic file (type pdf)
<use bg.pdf>
Package pdftex.def Info: bg.pdf  used on input line 369.
(pdftex.def)             Requested size: 398.33762pt x 256.07318pt.

Overfull \hbox (3.79999pt too wide) has occurred while \output is active
 []\T1/lato-TLF/m/sc/5 24
 []

[25

 <./Figs/garcia2019b.png>]
Overfull \hbox (3.79999pt too wide) in paragraph at lines 380--380
 []\T1/lato-TLF/m/sc/5 25
 []

<Figs/garcia2019c.png, id=198, 992.70876pt x 511.9125pt>
File: Figs/garcia2019c.png Graphic file (type png)
<use Figs/garcia2019c.png>
Package pdftex.def Info: Figs/garcia2019c.png  used on input line 380.
(pdftex.def)             Requested size: 342.1668pt x 176.45158pt.

Overfull \hbox (0.7337pt too wide) in paragraph at lines 380--380
 [] 
 []

File: bg.pdf Graphic file (type pdf)
<use bg.pdf>
Package pdftex.def Info: bg.pdf  used on input line 380.
(pdftex.def)             Requested size: 398.33762pt x 256.07318pt.

Overfull \hbox (3.79999pt too wide) has occurred while \output is active
 []\T1/lato-TLF/m/sc/5 25
 []

[26

 <./Figs/garcia2019c.png>]
Overfull \hbox (3.79999pt too wide) in paragraph at lines 393--393
 []\T1/lato-TLF/m/sc/5 26
 []

File: bg.pdf Graphic file (type pdf)
<use bg.pdf>
Package pdftex.def Info: bg.pdf  used on input line 393.
(pdftex.def)             Requested size: 398.33762pt x 256.07318pt.

Overfull \hbox (3.79999pt too wide) has occurred while \output is active
 []\T1/lato-TLF/m/sc/5 26
 []

[27

]
Overfull \hbox (3.79999pt too wide) in paragraph at lines 408--408
 []\T1/lato-TLF/m/sc/5 27
 []


Overfull \hbox (3.79999pt too wide) has occurred while \output is active
 []\T1/lato-TLF/m/sc/5 27
 []

[28

]
Overfull \hbox (3.79999pt too wide) in paragraph at lines 420--420
 []\T1/lato-TLF/m/sc/5 28
 []

<Figs/gounand2018.png, id=215, 1288.815pt x 596.2275pt>
File: Figs/gounand2018.png Graphic file (type png)
<use Figs/gounand2018.png>
Package pdftex.def Info: Figs/gounand2018.png  used on input line 420.
(pdftex.def)             Requested size: 326.92273pt x 151.24641pt.
File: bg.pdf Graphic file (type pdf)
<use bg.pdf>
Package pdftex.def Info: bg.pdf  used on input line 420.
(pdftex.def)             Requested size: 398.33762pt x 256.07318pt.

Overfull \hbox (3.79999pt too wide) has occurred while \output is active
 []\T1/lato-TLF/m/sc/5 28
 []

[29

 <./Figs/gounand2018.png>]
Overfull \hbox (3.79999pt too wide) in paragraph at lines 431--431
 []\T1/lato-TLF/m/sc/5 29
 []

File: Figs/gravel2016a.png Graphic file (type png)
<use Figs/gravel2016a.png>
Package pdftex.def Info: Figs/gravel2016a.png  used on input line 431.
(pdftex.def)             Requested size: 204.37389pt x 176.45158pt.
File: bg.pdf Graphic file (type pdf)
<use bg.pdf>
Package pdftex.def Info: bg.pdf  used on input line 431.
(pdftex.def)             Requested size: 398.33762pt x 256.07318pt.

Overfull \hbox (3.79999pt too wide) has occurred while \output is active
 []\T1/lato-TLF/m/sc/5 29
 []

[30

]
Overfull \hbox (3.79999pt too wide) in paragraph at lines 445--445
 []\T1/lato-TLF/m/sc/5 30
 []

File: bg.pdf Graphic file (type pdf)
<use bg.pdf>
Package pdftex.def Info: bg.pdf  used on input line 445.
(pdftex.def)             Requested size: 398.33762pt x 256.07318pt.

Overfull \hbox (3.79999pt too wide) has occurred while \output is active
 []\T1/lato-TLF/m/sc/5 30
 []

[31

]
Overfull \hbox (3.79999pt too wide) in paragraph at lines 454--454
 []\T1/lato-TLF/m/sc/5 31
 []

<Figs/moisan2022a.png, id=233, 1650.165pt x 486.81876pt>
File: Figs/moisan2022a.png Graphic file (type png)
<use Figs/moisan2022a.png>
Package pdftex.def Info: Figs/moisan2022a.png  used on input line 454.
(pdftex.def)             Requested size: 341.76077pt x 100.82837pt.

Overfull \hbox (0.32768pt too wide) in paragraph at lines 454--454
 [] 
 []

LaTeX Font Info:    Font shape `T1/lato-TLF/m/it' will be
(Font)              scaled to size 8.0pt on input line 454.
File: bg.pdf Graphic file (type pdf)
<use bg.pdf>
Package pdftex.def Info: bg.pdf  used on input line 454.
(pdftex.def)             Requested size: 398.33762pt x 256.07318pt.

Overfull \hbox (3.79999pt too wide) has occurred while \output is active
 []\T1/lato-TLF/m/sc/5 31
 []

[32

 <./Figs/moisan2022a.png>]
Overfull \hbox (3.79999pt too wide) in paragraph at lines 463--463
 []\T1/lato-TLF/m/sc/5 32
 []

<Figs/moisan2022b.png, id=240, 1663.21375pt x 1540.75626pt>
File: Figs/moisan2022b.png Graphic file (type png)
<use Figs/moisan2022b.png>
Package pdftex.def Info: Figs/moisan2022b.png  used on input line 463.
(pdftex.def)             Requested size: 204.06905pt x 189.05609pt.
File: bg.pdf Graphic file (type pdf)
<use bg.pdf>
Package pdftex.def Info: bg.pdf  used on input line 463.
(pdftex.def)             Requested size: 398.33762pt x 256.07318pt.

Overfull \hbox (3.79999pt too wide) has occurred while \output is active
 []\T1/lato-TLF/m/sc/5 32
 []

[33

 <./Figs/moisan2022b.png>]
Overfull \hbox (3.79999pt too wide) in paragraph at lines 472--472
 []\T1/lato-TLF/m/sc/5 33
 []

<Figs/moisan2022c.png, id=247, 1687.30376pt x 968.61874pt>
File: Figs/moisan2022c.png Graphic file (type png)
<use Figs/moisan2022c.png>
Package pdftex.def Info: Figs/moisan2022c.png  used on input line 472.
(pdftex.def)             Requested size: 329.31898pt x 189.05609pt.
File: bg.pdf Graphic file (type pdf)
<use bg.pdf>
Package pdftex.def Info: bg.pdf  used on input line 472.
(pdftex.def)             Requested size: 398.33762pt x 256.07318pt.

Overfull \hbox (3.79999pt too wide) has occurred while \output is active
 []\T1/lato-TLF/m/sc/5 33
 []

[34

 <./Figs/moisan2022c.png>]
Overfull \hbox (3.79999pt too wide) in paragraph at lines 483--483
 []\T1/lato-TLF/m/sc/5 34
 []

<Figs/hutchison2020.png, id=254, 1592.95125pt x 867.24pt>
File: Figs/hutchison2020.png Graphic file (type png)
<use Figs/hutchison2020.png>
Package pdftex.def Info: Figs/hutchison2020.png  used on input line 483.
(pdftex.def)             Requested size: 324.10217pt x 176.45158pt.
File: bg.pdf Graphic file (type pdf)
<use bg.pdf>
Package pdftex.def Info: bg.pdf  used on input line 483.
(pdftex.def)             Requested size: 398.33762pt x 256.07318pt.

Overfull \hbox (3.79999pt too wide) has occurred while \output is active
 []\T1/lato-TLF/m/sc/5 34
 []

[35

 <./Figs/hutchison2020.png>]
Overfull \hbox (3.79999pt too wide) in paragraph at lines 494--494
 []\T1/lato-TLF/m/sc/5 35
 []

<Figs/hutchison2024.png, id=261, 828.09375pt x 1102.1175pt>
File: Figs/hutchison2024.png Graphic file (type png)
<use Figs/hutchison2024.png>
Package pdftex.def Info: Figs/hutchison2024.png  used on input line 494.
(pdftex.def)             Requested size: 132.57352pt x 176.45158pt.
File: bg.pdf Graphic file (type pdf)
<use bg.pdf>
Package pdftex.def Info: bg.pdf  used on input line 494.
(pdftex.def)             Requested size: 398.33762pt x 256.07318pt.

Overfull \hbox (3.79999pt too wide) has occurred while \output is active
 []\T1/lato-TLF/m/sc/5 35
 []

[36

 <./Figs/hutchison2024.png>]
Overfull \hbox (3.79999pt too wide) in paragraph at lines 503--503
 []\T1/lato-TLF/m/sc/5 36
 []

<Figs/bergeron2026a.png, id=268, 905.3825pt x 678.535pt>
File: Figs/bergeron2026a.png Graphic file (type png)
<use Figs/bergeron2026a.png>
Package pdftex.def Info: Figs/bergeron2026a.png  used on input line 503.
(pdftex.def)             Requested size: 201.80962pt x 151.24641pt.
File: bg.pdf Graphic file (type pdf)
<use bg.pdf>
Package pdftex.def Info: bg.pdf  used on input line 503.
(pdftex.def)             Requested size: 398.33762pt x 256.07318pt.

Overfull \hbox (3.79999pt too wide) has occurred while \output is active
 []\T1/lato-TLF/m/sc/5 36
 []

[37

 <./Figs/bergeron2026a.png>]
Overfull \hbox (3.79999pt too wide) in paragraph at lines 512--512
 []\T1/lato-TLF/m/sc/5 37
 []

<Figs/bergeron2026b.png, id=276, 2225.31375pt x 1146.2825pt>
File: Figs/bergeron2026b.png Graphic file (type png)
<use Figs/bergeron2026b.png>
Package pdftex.def Info: Figs/bergeron2026b.png  used on input line 512.
(pdftex.def)             Requested size: 293.6133pt x 151.24641pt.
File: bg.pdf Graphic file (type pdf)
<use bg.pdf>
Package pdftex.def Info: bg.pdf  used on input line 512.
(pdftex.def)             Requested size: 398.33762pt x 256.07318pt.

Overfull \hbox (3.79999pt too wide) has occurred while \output is active
 []\T1/lato-TLF/m/sc/5 37
 []

[38

 <./Figs/bergeron2026b.png>]
Overfull \hbox (3.79999pt too wide) in paragraph at lines 521--521
 []\T1/lato-TLF/m/sc/5 38
 []

<Figs/bergeron2026c.png, id=283, 1461.46pt x 857.2025pt>
File: Figs/bergeron2026c.png Graphic file (type png)
<use Figs/bergeron2026c.png>
Package pdftex.def Info: Figs/bergeron2026c.png  used on input line 521.
(pdftex.def)             Requested size: 322.325pt x 189.05609pt.
File: bg.pdf Graphic file (type pdf)
<use bg.pdf>
Package pdftex.def Info: bg.pdf  used on input line 521.
(pdftex.def)             Requested size: 398.33762pt x 256.07318pt.

Overfull \hbox (3.79999pt too wide) has occurred while \output is active
 []\T1/lato-TLF/m/sc/5 38
 []

[39

 <./Figs/bergeron2026c.png>]
Overfull \hbox (3.79999pt too wide) in paragraph at lines 531--531
 []\T1/lato-TLF/m/sc/5 39
 []

File: bg.pdf Graphic file (type pdf)
<use bg.pdf>
Package pdftex.def Info: bg.pdf  used on input line 531.
(pdftex.def)             Requested size: 398.33762pt x 256.07318pt.

Overfull \hbox (3.79999pt too wide) has occurred while \output is active
 []\T1/lato-TLF/m/sc/5 39
 []

[40

]
\tf@nav=\write6
\openout6 = `metaeco.nav'.

\tf@toc=\write7
\openout7 = `metaeco.toc'.

\tf@snm=\write8
\openout8 = `metaeco.snm'.

 (./metaeco.aux)
 ***********
LaTeX2e <2023-11-01> patch level 1
L3 programming layer <2024-01-22>
 ***********


LaTeX Font Warning: Some font shapes were not available, defaults substituted.

Package rerunfilecheck Info: File `metaeco.out' has not changed.
(rerunfilecheck)             Checksum: D41D8CD98F00B204E9800998ECF8427E;0.
 ) 
Here is how much of TeX's memory you used:
 36572 strings out of 474222
 870147 string characters out of 5748734
 1933975 words of memory out of 5000000
 58034 multiletter control sequences out of 15000+600000
 856816 words of font info for 86 fonts, out of 8000000 for 9000
 1141 hyphenation exceptions out of 8191
 128i,11n,123p,719b,609s stack positions out of 10000i,1000n,20000p,200000b,200000s
</usr/share/texlive/texmf-dist/fonts/type1/typoland/lato/Lato-Bold.pfb></usr/
share/texlive/texmf-dist/fonts/type1/typoland/lato/Lato-Italic.pfb></usr/share/
texlive/texmf-dist/fonts/type1/typoland/lato/Lato-Regular.pfb></usr/share/texli
ve/texmf-dist/fonts/type1/public/amsfonts/cm/cmssi10.pfb></usr/share/texlive/te
xmf-dist/fonts/type1/public/amsfonts/cm/cmssi8.pfb></usr/share/texlive/texmf-di
st/fonts/type1/public/amsfonts/euler/eufm10.pfb></usr/share/texlive/texmf-dist/
fonts/type1/public/amsfonts/euler/eufm7.pfb></usr/share/texlive/texmf-dist/font
s/type1/public/amsfonts/symbols/msam10.pfb></usr/share/texmf/fonts/type1/public
/cm-super/sfss0700.pfb>
Output written on metaeco.pdf (40 pages, 9125449 bytes).
PDF statistics:
 358 PDF objects out of 1000 (max. 8388607)
 230 compressed objects within 3 object streams
 81 named destinations out of 1000 (max. 500000)
 183 words of extra memory for PDF output out of 10000 (max. 10000000)

